V3 57
FL "C:/Users/Ben/Desktop/Folders/FPGA/Projects/Current Projects/Systems/TestCPU1/Clock_Gen.vhd" 2009/10/19.02:23:22 L.33
EN work/Clock_Gen 1255933418 \
      FL "C:/Users/Ben/Desktop/Folders/FPGA/Projects/Current Projects/Systems/TestCPU1/Clock_Gen.vhd" \
      PB ieee/std_logic_1164 1236108447 PB ieee/std_logic_arith 1251183422 \
      PB ieee/STD_LOGIC_UNSIGNED 1251183423
AR work/Clock_Gen/Behavioral 1255933419 \
      FL "C:/Users/Ben/Desktop/Folders/FPGA/Projects/Current Projects/Systems/TestCPU1/Clock_Gen.vhd" \
      EN work/Clock_Gen 1255933418
FL "C:/Users/Ben/Desktop/Folders/FPGA/Projects/Current Projects/Systems/TestCPU1/mROM.vhd" 2009/10/25.21:12:49 L.33
FL "C:/Users/Ben/Desktop/Folders/FPGA/Projects/Current Projects/Systems/TestCPU1/TestCPU1.vhd" 2009/10/25.20:04:23 L.33
FL "C:/Users/Ben/Desktop/Folders/FPGA/Projects/Current Projects/Systems/TestCPU1/TestCPU1_ALU.vhd" 2009/10/18.22:38:28 L.33
FL "C:/Users/Ben/Desktop/Folders/FPGA/Projects/Current Projects/Systems/TestCPU1/TestCPU1_Cntl.vhd" 2009/10/25.19:59:59 L.33
FL "C:/Users/Ben/Desktop/Folders/FPGA/Projects/Current Projects/Systems/TestCPU1/TestCPU1_dRAM.vhd" 2009/10/11.15:44:41 L.33
EN work/TestCPU1_dRAM 1256496815 \
      FL "C:/Users/Ben/Desktop/Folders/FPGA/Projects/Current Projects/Systems/TestCPU1/TestCPU1_dRAM.vhd" \
      PB ieee/std_logic_1164 1236108447 PB ieee/std_logic_arith 1251183422 \
      PB ieee/STD_LOGIC_UNSIGNED 1251183423
AR work/TestCPU1_dRAM/Behavioral 1256496816 \
      FL "C:/Users/Ben/Desktop/Folders/FPGA/Projects/Current Projects/Systems/TestCPU1/TestCPU1_dRAM.vhd" \
      EN work/TestCPU1_dRAM 1256496815
FL "C:/Users/Ben/Desktop/Folders/FPGA/Projects/Current Projects/Systems/TestCPU1/TestCPU1_iRAM.vhd" 2009/10/25.21:13:29 L.33
FL "C:/Users/Ben/Desktop/Folders/FPGA/Projects/Current Projects/Systems/TestCPU1/TestCPU1_OutPins.vhd" 2009/10/11.15:33:51 L.33
FL "C:/Users/Ben/Desktop/Folders/FPGA/Projects/Current Projects/Systems/TestCPU1/TestCPU1_RegFile.vhd" 2009/10/25.20:02:38 L.33
FL "C:/Users/Ben/Desktop/Folders/FPGA/Projects/Current Projects/Systems/TestCPU1/TestCPU1_SynthBench.vhd" 2009/10/25.01:44:20 L.33
FL "E:/FPGA/Projects/Current Projects/Systems/LCD_Control/mROM.vhd" 2009/11/23.16:14:56 L.33
EN work/mROM 1259011140 \
      FL "E:/FPGA/Projects/Current Projects/Systems/LCD_Control/mROM.vhd" \
      PB ieee/std_logic_1164 1236108447 PB ieee/std_logic_arith 1251183422 \
      PB ieee/STD_LOGIC_UNSIGNED 1251183423
AR work/mROM/Behavioral 1259011141 \
      FL "E:/FPGA/Projects/Current Projects/Systems/LCD_Control/mROM.vhd" \
      EN work/mROM 1259011140
FL "E:/FPGA/Projects/Current Projects/Systems/LCD_Control/TestCPU1.vhd" 2009/10/25.19:04:23 L.33
EN work/TestCPU1 1259011138 \
      FL "E:/FPGA/Projects/Current Projects/Systems/LCD_Control/TestCPU1.vhd" \
      PB ieee/std_logic_1164 1236108447 PB ieee/std_logic_arith 1251183422 \
      PB ieee/STD_LOGIC_UNSIGNED 1251183423
AR work/TestCPU1/Structural 1259011139 \
      FL "E:/FPGA/Projects/Current Projects/Systems/LCD_Control/TestCPU1.vhd" \
      EN work/TestCPU1 1259011138 CP TestCPU1_Cntl CP TestCPU1_ALU \
      CP TestCPU1_RegFile CP TestCPU1_OutPins CP TestCPU1_iROM
FL "E:/FPGA/Projects/Current Projects/Systems/LCD_Control/TestCPU1_ALU.vhd" 2009/10/18.21:38:28 L.33
EN work/TestCPU1_ALU 1259011130 \
      FL "E:/FPGA/Projects/Current Projects/Systems/LCD_Control/TestCPU1_ALU.vhd" \
      PB ieee/std_logic_1164 1236108447 PB ieee/std_logic_arith 1251183422 \
      PB ieee/STD_LOGIC_UNSIGNED 1251183423
AR work/TestCPU1_ALU/Behavioral 1259011131 \
      FL "E:/FPGA/Projects/Current Projects/Systems/LCD_Control/TestCPU1_ALU.vhd" \
      EN work/TestCPU1_ALU 1259011130
FL "E:/FPGA/Projects/Current Projects/Systems/LCD_Control/TestCPU1_Cntl.vhd" 2009/10/25.18:59:59 L.33
EN work/TestCPU1_Cntl 1259011128 \
      FL "E:/FPGA/Projects/Current Projects/Systems/LCD_Control/TestCPU1_Cntl.vhd" \
      PB ieee/std_logic_1164 1236108447 PB ieee/std_logic_arith 1251183422 \
      PB ieee/STD_LOGIC_UNSIGNED 1251183423
AR work/TestCPU1_Cntl/Behavioral 1259011129 \
      FL "E:/FPGA/Projects/Current Projects/Systems/LCD_Control/TestCPU1_Cntl.vhd" \
      EN work/TestCPU1_Cntl 1259011128
FL "E:/FPGA/Projects/Current Projects/Systems/LCD_Control/TestCPU1_iRAM.vhd" 2009/11/23.16:18:39 L.33
EN work/TestCPU1_iROM 1259011136 \
      FL "E:/FPGA/Projects/Current Projects/Systems/LCD_Control/TestCPU1_iRAM.vhd" \
      PB ieee/std_logic_1164 1236108447 PB ieee/std_logic_arith 1251183422 \
      PB ieee/STD_LOGIC_UNSIGNED 1251183423
AR work/TestCPU1_iROM/Behavioral 1259011137 \
      FL "E:/FPGA/Projects/Current Projects/Systems/LCD_Control/TestCPU1_iRAM.vhd" \
      EN work/TestCPU1_iROM 1259011136
FL "E:/FPGA/Projects/Current Projects/Systems/LCD_Control/TestCPU1_OutPins.vhd" 2009/10/11.14:33:51 L.33
EN work/TestCPU1_OutPins 1259011134 \
      FL "E:/FPGA/Projects/Current Projects/Systems/LCD_Control/TestCPU1_OutPins.vhd" \
      PB ieee/std_logic_1164 1236108447 PB ieee/std_logic_arith 1251183422 \
      PB ieee/STD_LOGIC_UNSIGNED 1251183423
AR work/TestCPU1_OutPins/Behavioral 1259011135 \
      FL "E:/FPGA/Projects/Current Projects/Systems/LCD_Control/TestCPU1_OutPins.vhd" \
      EN work/TestCPU1_OutPins 1259011134
FL "E:/FPGA/Projects/Current Projects/Systems/LCD_Control/TestCPU1_RegFile.vhd" 2009/10/25.19:02:38 L.33
EN work/TestCPU1_RegFile 1259011132 \
      FL "E:/FPGA/Projects/Current Projects/Systems/LCD_Control/TestCPU1_RegFile.vhd" \
      PB ieee/std_logic_1164 1236108447 PB ieee/std_logic_arith 1251183422 \
      PB ieee/STD_LOGIC_UNSIGNED 1251183423
AR work/TestCPU1_RegFile/Behavioral 1259011133 \
      FL "E:/FPGA/Projects/Current Projects/Systems/LCD_Control/TestCPU1_RegFile.vhd" \
      EN work/TestCPU1_RegFile 1259011132
FL "E:/FPGA/Projects/Current Projects/Systems/LCD_Control/TestCPU1_SynthBench.vhd" 2009/10/25.00:44:20 L.33
EN work/TestCPU1_SynthBench 1259011142 \
      FL "E:/FPGA/Projects/Current Projects/Systems/LCD_Control/TestCPU1_SynthBench.vhd" \
      PB ieee/std_logic_1164 1236108447 PB ieee/std_logic_arith 1251183422 \
      PB ieee/STD_LOGIC_UNSIGNED 1251183423 LB UNISIM PH unisim/VCOMPONENTS 1251183421
AR work/TestCPU1_SynthBench/Behavioral 1259011143 \
      FL "E:/FPGA/Projects/Current Projects/Systems/LCD_Control/TestCPU1_SynthBench.vhd" \
      EN work/TestCPU1_SynthBench 1259011142 CP IBUFG CP BUFG CP DCM CP TestCPU1 \
      CP mROM
FL "E:/FPGA/Projects/Current Projects/Systems/TestCPU1/TestCPU1.vhd" 2009/10/25.20:04:23 L.33
FL "E:/FPGA/Projects/Current Projects/Systems/TestCPU1/TestCPU1_ALU.vhd" 2009/10/18.22:38:28 L.33
FL "E:/FPGA/Projects/Current Projects/Systems/TestCPU1/TestCPU1_Cntl.vhd" 2009/10/25.19:59:59 L.33
FL "E:/FPGA/Projects/Current Projects/Systems/TestCPU1/TestCPU1_dRAM.vhd" 2009/10/11.15:44:41 L.33
FL "E:/FPGA/Projects/Current Projects/Systems/TestCPU1/TestCPU1_iRAM.vhd" 2009/10/25.21:13:29 L.33
FL "E:/FPGA/Projects/Current Projects/Systems/TestCPU1/TestCPU1_OutPins.vhd" 2009/10/11.15:33:51 L.33
FL "E:/FPGA/Projects/Current Projects/Systems/TestCPU1/TestCPU1_RegFile.vhd" 2009/10/25.20:02:38 L.33
FL "E:/FPGA/Projects/Current Projects/Systems/TestCPU1/TestCPU1_SynthBench.vhd" 2009/10/20.13:21:03 L.33
