V3 19
FL C:/Users/Ben/Desktop/FPGAprojects/Components/Comp_1of4Decoder/Comp_1of4Decoder.vhd 2009/04/10.18:14:15 K.31
EN work/Comp_1of4Decoder 1239411546 \
      FL C:/Users/Ben/Desktop/FPGAprojects/Components/Comp_1of4Decoder/Comp_1of4Decoder.vhd \
      PB ieee/std_logic_1164 1200023565 PB ieee/std_logic_arith 1200023566 \
      PB ieee/STD_LOGIC_UNSIGNED 1200023567
AR work/Comp_1of4Decoder/Behavioral 1239411547 \
      FL C:/Users/Ben/Desktop/FPGAprojects/Components/Comp_1of4Decoder/Comp_1of4Decoder.vhd \
      EN work/Comp_1of4Decoder 1239411546 CP Gate_Inv CP Gate_And
FL C:/Users/Ben/Desktop/FPGAprojects/Components/Comp_4x4Multiplexer/Comp_4x4Multiplexer.vhd 2009/04/10.18:40:48 K.31
EN work/Comp_4x4Multiplexer 1239411550 \
      FL C:/Users/Ben/Desktop/FPGAprojects/Components/Comp_4x4Multiplexer/Comp_4x4Multiplexer.vhd \
      PB ieee/std_logic_1164 1200023565 PB ieee/std_logic_arith 1200023566 \
      PB ieee/STD_LOGIC_UNSIGNED 1200023567
AR work/Comp_4x4Multiplexer/Behavioral 1239411551 \
      FL C:/Users/Ben/Desktop/FPGAprojects/Components/Comp_4x4Multiplexer/Comp_4x4Multiplexer.vhd \
      EN work/Comp_4x4Multiplexer 1239411550 CP Comp_1of4Decoder CP Gate_And \
      CP Gate_Or
FL C:/Users/Ben/Desktop/FPGAprojects/Gates/Gate_And/Gate_And.vhd 2009/04/10.00:49:40 K.31
EN work/Gate_And 1239411544 \
      FL C:/Users/Ben/Desktop/FPGAprojects/Gates/Gate_And/Gate_And.vhd \
      PB ieee/std_logic_1164 1200023565 PB ieee/std_logic_arith 1200023566 \
      PB ieee/STD_LOGIC_UNSIGNED 1200023567
AR work/Gate_And/Behavioral 1239411545 \
      FL C:/Users/Ben/Desktop/FPGAprojects/Gates/Gate_And/Gate_And.vhd \
      EN work/Gate_And 1239411544
FL C:/Users/Ben/Desktop/FPGAprojects/Gates/Gate_Inv/Gate_Inv.vhd 2009/04/10.00:54:54 K.31
EN work/Gate_Inv 1239411542 \
      FL C:/Users/Ben/Desktop/FPGAprojects/Gates/Gate_Inv/Gate_Inv.vhd \
      PB ieee/std_logic_1164 1200023565 PB ieee/std_logic_arith 1200023566 \
      PB ieee/STD_LOGIC_UNSIGNED 1200023567
AR work/Gate_Inv/Behavioral 1239411543 \
      FL C:/Users/Ben/Desktop/FPGAprojects/Gates/Gate_Inv/Gate_Inv.vhd \
      EN work/Gate_Inv 1239411542
FL C:/Users/Ben/Desktop/FPGAprojects/Gates/Gate_Or/Gate_Or.vhd 2009/04/10.00:51:37 K.31
EN work/Gate_Or 1239411548 \
      FL C:/Users/Ben/Desktop/FPGAprojects/Gates/Gate_Or/Gate_Or.vhd \
      PB ieee/std_logic_1164 1200023565 PB ieee/std_logic_arith 1200023566 \
      PB ieee/STD_LOGIC_UNSIGNED 1200023567
AR work/Gate_Or/Behavioral 1239411549 \
      FL C:/Users/Ben/Desktop/FPGAprojects/Gates/Gate_Or/Gate_Or.vhd \
      EN work/Gate_Or 1239411548
