V3 3
FL C:/Users/Ben/Desktop/FPGAprojects/Gates/Gate_Xor/Gate_Xor.vhd 2009/04/10.00:53:05 K.31
EN work/Gate_Xor 1239339189 \
      FL C:/Users/Ben/Desktop/FPGAprojects/Gates/Gate_Xor/Gate_Xor.vhd \
      PB ieee/std_logic_1164 1200023565 PB ieee/std_logic_arith 1200023566 \
      PB ieee/STD_LOGIC_UNSIGNED 1200023567
AR work/Gate_Xor/Behavioral 1239339190 \
      FL C:/Users/Ben/Desktop/FPGAprojects/Gates/Gate_Xor/Gate_Xor.vhd \
      EN work/Gate_Xor 1239339189
