V3 3
FL C:/Users/Ben/Desktop/FPGAprojects/Subsystems/Subsys_LCDDriver/Subsys_LCDDriver.vhd 2009/04/12.22:56:55 K.31
EN work/Subsys_LCDDriver 1239591416 \
      FL C:/Users/Ben/Desktop/FPGAprojects/Subsystems/Subsys_LCDDriver/Subsys_LCDDriver.vhd \
      PB ieee/std_logic_1164 1200023565 PB ieee/std_logic_arith 1200023566 \
      PB ieee/STD_LOGIC_UNSIGNED 1200023567
AR work/Subsys_LCDDriver/Behavioral 1239591417 \
      FL C:/Users/Ben/Desktop/FPGAprojects/Subsystems/Subsys_LCDDriver/Subsys_LCDDriver.vhd \
      EN work/Subsys_LCDDriver 1239591416
