AR testcpu1_irom behavioral "C:/Users/Ben/Desktop/Folders/FPGA/Projects/Current Projects/Subsystems/TestCPU1/TestCPU1_iRAM.vhd" sub00/vhpl09 1269555433
AR testcpu1_outpins behavioral "C:/Users/Ben/Desktop/Folders/FPGA/Projects/Current Projects/Subsystems/TestCPU1/TestCPU1_OutPins.vhd" sub00/vhpl07 1269555431
EN datarom NULL "C:/Users/Ben/Desktop/Folders/FPGA/Projects/Current Projects/Systems/FlashProgrammer/dataROM.vhd" sub00/vhpl14 1269555438
AR datarom behavioral "C:/Users/Ben/Desktop/Folders/FPGA/Projects/Current Projects/Systems/FlashProgrammer/dataROM.vhd" sub00/vhpl15 1269555439
AR testcpu1_alu behavioral "C:/Users/Ben/Desktop/Folders/FPGA/Projects/Current Projects/Subsystems/TestCPU1/TestCPU1_ALU.vhd" sub00/vhpl03 1269555427
EN flashprogrammer NULL "C:/Users/Ben/Desktop/Folders/FPGA/Projects/Current Projects/Systems/FlashProgrammer/FlashProgrammer.vhd" sub00/vhpl18 1269555444
EN testcpu1 NULL "C:/Users/Ben/Desktop/Folders/FPGA/Projects/Current Projects/Subsystems/TestCPU1/TestCPU1.vhd" sub00/vhpl12 1269555436
EN gencounter NULL "C:/Users/Ben/Desktop/Folders/FPGA/Projects/Current Projects/Systems/FlashProgrammer/GenCounter.vhd" sub00/vhpl20 1269555442
AR gencounter behavioral "C:/Users/Ben/Desktop/Folders/FPGA/Projects/Current Projects/Systems/FlashProgrammer/GenCounter.vhd" sub00/vhpl21 1269555443
AR flashprogrammer behavioral "C:/Users/Ben/Desktop/Folders/FPGA/Projects/Current Projects/Systems/FlashProgrammer/FlashProgrammer.vhd" sub00/vhpl19 1269555445
EN testcpu1_cntl NULL "C:/Users/Ben/Desktop/Folders/FPGA/Projects/Current Projects/Subsystems/TestCPU1/TestCPU1_Cntl.vhd" sub00/vhpl00 1269555424
AR offset behavioral "C:/Users/Ben/Desktop/Folders/FPGA/Projects/Current Projects/Systems/FlashProgrammer/Offset.vhd" sub00/vhpl17 1269555441
AR genreg behavioral "C:/Users/Ben/Desktop/Folders/FPGA/Projects/Current Projects/Systems/FlashProgrammer/GenReg.vhd" sub00/vhpl11 1269555435
EN testcpu1_outpins NULL "C:/Users/Ben/Desktop/Folders/FPGA/Projects/Current Projects/Subsystems/TestCPU1/TestCPU1_OutPins.vhd" sub00/vhpl06 1269555430
EN offset NULL "C:/Users/Ben/Desktop/Folders/FPGA/Projects/Current Projects/Systems/FlashProgrammer/Offset.vhd" sub00/vhpl16 1269555440
EN testcpu1_regfile NULL "C:/Users/Ben/Desktop/Folders/FPGA/Projects/Current Projects/Subsystems/TestCPU1/TestCPU1_RegFile.vhd" sub00/vhpl04 1269555428
EN testcpu1_irom NULL "C:/Users/Ben/Desktop/Folders/FPGA/Projects/Current Projects/Subsystems/TestCPU1/TestCPU1_iRAM.vhd" sub00/vhpl08 1269555432
AR testcpu1_regfile behavioral "C:/Users/Ben/Desktop/Folders/FPGA/Projects/Current Projects/Subsystems/TestCPU1/TestCPU1_RegFile.vhd" sub00/vhpl05 1269555429
AR testcpu1_cntl behavioral "C:/Users/Ben/Desktop/Folders/FPGA/Projects/Current Projects/Subsystems/TestCPU1/TestCPU1_Cntl.vhd" sub00/vhpl01 1269555425
EN testcpu1_alu NULL "C:/Users/Ben/Desktop/Folders/FPGA/Projects/Current Projects/Subsystems/TestCPU1/TestCPU1_ALU.vhd" sub00/vhpl02 1269555426
AR testcpu1 structural "C:/Users/Ben/Desktop/Folders/FPGA/Projects/Current Projects/Subsystems/TestCPU1/TestCPU1.vhd" sub00/vhpl13 1269555437
EN genreg NULL "C:/Users/Ben/Desktop/Folders/FPGA/Projects/Current Projects/Systems/FlashProgrammer/GenReg.vhd" sub00/vhpl10 1269555434
