V3 69
FL "C:/Users/Ben/Desktop/Folders/FPGA/Projects/Current Projects/Subsystems/TestCPU1/TestCPU1.vhd" 2009/11/23.14:27:33 L.57
EN work/TestCPU1 1269555436 \
      FL "C:/Users/Ben/Desktop/Folders/FPGA/Projects/Current Projects/Subsystems/TestCPU1/TestCPU1.vhd" \
      PB ieee/std_logic_1164 1236108447 PB ieee/std_logic_arith 1236108448 \
      PB ieee/STD_LOGIC_UNSIGNED 1236108449
AR work/TestCPU1/Structural 1269555437 \
      FL "C:/Users/Ben/Desktop/Folders/FPGA/Projects/Current Projects/Subsystems/TestCPU1/TestCPU1.vhd" \
      EN work/TestCPU1 1269555436 CP TestCPU1_Cntl CP TestCPU1_ALU \
      CP TestCPU1_RegFile CP TestCPU1_OutPins CP TestCPU1_iROM CP GenReg
FL "C:/Users/Ben/Desktop/Folders/FPGA/Projects/Current Projects/Subsystems/TestCPU1/TestCPU1_ALU.vhd" 2009/10/18.22:38:28 L.57
EN work/TestCPU1_ALU 1269555426 \
      FL "C:/Users/Ben/Desktop/Folders/FPGA/Projects/Current Projects/Subsystems/TestCPU1/TestCPU1_ALU.vhd" \
      PB ieee/std_logic_1164 1236108447 PB ieee/std_logic_arith 1236108448 \
      PB ieee/STD_LOGIC_UNSIGNED 1236108449
AR work/TestCPU1_ALU/Behavioral 1269555427 \
      FL "C:/Users/Ben/Desktop/Folders/FPGA/Projects/Current Projects/Subsystems/TestCPU1/TestCPU1_ALU.vhd" \
      EN work/TestCPU1_ALU 1269555426
FL "C:/Users/Ben/Desktop/Folders/FPGA/Projects/Current Projects/Subsystems/TestCPU1/TestCPU1_Cntl.vhd" 2009/11/23.14:20:10 L.57
EN work/TestCPU1_Cntl 1269555424 \
      FL "C:/Users/Ben/Desktop/Folders/FPGA/Projects/Current Projects/Subsystems/TestCPU1/TestCPU1_Cntl.vhd" \
      PB ieee/std_logic_1164 1236108447 PB ieee/std_logic_arith 1236108448 \
      PB ieee/STD_LOGIC_UNSIGNED 1236108449
AR work/TestCPU1_Cntl/Behavioral 1269555425 \
      FL "C:/Users/Ben/Desktop/Folders/FPGA/Projects/Current Projects/Subsystems/TestCPU1/TestCPU1_Cntl.vhd" \
      EN work/TestCPU1_Cntl 1269555424
FL "C:/Users/Ben/Desktop/Folders/FPGA/Projects/Current Projects/Subsystems/TestCPU1/TestCPU1_iRAM.vhd" 2010/02/14.01:39:40 L.57
EN work/TestCPU1_iROM 1269555432 \
      FL "C:/Users/Ben/Desktop/Folders/FPGA/Projects/Current Projects/Subsystems/TestCPU1/TestCPU1_iRAM.vhd" \
      PB ieee/std_logic_1164 1236108447 PB ieee/std_logic_arith 1236108448 \
      PB ieee/STD_LOGIC_UNSIGNED 1236108449
AR work/TestCPU1_iROM/Behavioral 1269555433 \
      FL "C:/Users/Ben/Desktop/Folders/FPGA/Projects/Current Projects/Subsystems/TestCPU1/TestCPU1_iRAM.vhd" \
      EN work/TestCPU1_iROM 1269555432
FL "C:/Users/Ben/Desktop/Folders/FPGA/Projects/Current Projects/Subsystems/TestCPU1/TestCPU1_OutPins.vhd" 2009/10/11.15:33:51 L.57
EN work/TestCPU1_OutPins 1269555430 \
      FL "C:/Users/Ben/Desktop/Folders/FPGA/Projects/Current Projects/Subsystems/TestCPU1/TestCPU1_OutPins.vhd" \
      PB ieee/std_logic_1164 1236108447 PB ieee/std_logic_arith 1236108448 \
      PB ieee/STD_LOGIC_UNSIGNED 1236108449
AR work/TestCPU1_OutPins/Behavioral 1269555431 \
      FL "C:/Users/Ben/Desktop/Folders/FPGA/Projects/Current Projects/Subsystems/TestCPU1/TestCPU1_OutPins.vhd" \
      EN work/TestCPU1_OutPins 1269555430
FL "C:/Users/Ben/Desktop/Folders/FPGA/Projects/Current Projects/Subsystems/TestCPU1/TestCPU1_RegFile.vhd" 2009/10/25.20:02:38 L.57
EN work/TestCPU1_RegFile 1269555428 \
      FL "C:/Users/Ben/Desktop/Folders/FPGA/Projects/Current Projects/Subsystems/TestCPU1/TestCPU1_RegFile.vhd" \
      PB ieee/std_logic_1164 1236108447 PB ieee/std_logic_arith 1236108448 \
      PB ieee/STD_LOGIC_UNSIGNED 1236108449
AR work/TestCPU1_RegFile/Behavioral 1269555429 \
      FL "C:/Users/Ben/Desktop/Folders/FPGA/Projects/Current Projects/Subsystems/TestCPU1/TestCPU1_RegFile.vhd" \
      EN work/TestCPU1_RegFile 1269555428
FL "C:/Users/Ben/Desktop/Folders/FPGA/Projects/Current Projects/Systems/FlashProgrammer/dataROM.vhd" 2010/03/25.18:17:00 L.57
EN work/dataROM 1269555438 \
      FL "C:/Users/Ben/Desktop/Folders/FPGA/Projects/Current Projects/Systems/FlashProgrammer/dataROM.vhd" \
      PB ieee/std_logic_1164 1236108447 PB ieee/std_logic_arith 1236108448 \
      PB ieee/STD_LOGIC_UNSIGNED 1236108449
AR work/dataROM/Behavioral 1269555439 \
      FL "C:/Users/Ben/Desktop/Folders/FPGA/Projects/Current Projects/Systems/FlashProgrammer/dataROM.vhd" \
      EN work/dataROM 1269555438
FL "C:/Users/Ben/Desktop/Folders/FPGA/Projects/Current Projects/Systems/FlashProgrammer/FlashProgrammer.vhd" 2010/03/13.01:21:17 L.57
EN work/FlashProgrammer 1269555444 \
      FL "C:/Users/Ben/Desktop/Folders/FPGA/Projects/Current Projects/Systems/FlashProgrammer/FlashProgrammer.vhd" \
      PB ieee/std_logic_1164 1236108447 PB ieee/std_logic_arith 1236108448 \
      PB ieee/STD_LOGIC_UNSIGNED 1236108449 LB UNISIM PH unisim/VCOMPONENTS 1236108447
AR work/FlashProgrammer/Behavioral 1269555445 \
      FL "C:/Users/Ben/Desktop/Folders/FPGA/Projects/Current Projects/Systems/FlashProgrammer/FlashProgrammer.vhd" \
      EN work/FlashProgrammer 1269555444 CP IBUFG CP DCM CP BUFG CP TestCPU1 \
      CP dataROM CP Offset CP GenCounter
FL "C:/Users/Ben/Desktop/Folders/FPGA/Projects/Current Projects/Systems/FlashProgrammer/GenCounter.vhd" 2009/11/27.00:17:20 L.57
EN work/GenCounter 1269555442 \
      FL "C:/Users/Ben/Desktop/Folders/FPGA/Projects/Current Projects/Systems/FlashProgrammer/GenCounter.vhd" \
      PB ieee/std_logic_1164 1236108447 PB ieee/std_logic_arith 1236108448 \
      PB ieee/STD_LOGIC_UNSIGNED 1236108449
AR work/GenCounter/Behavioral 1269555443 \
      FL "C:/Users/Ben/Desktop/Folders/FPGA/Projects/Current Projects/Systems/FlashProgrammer/GenCounter.vhd" \
      EN work/GenCounter 1269555442
FL "C:/Users/Ben/Desktop/Folders/FPGA/Projects/Current Projects/Systems/FlashProgrammer/GenReg.vhd" 2009/10/30.09:08:39 L.57
EN work/GenReg 1269555434 \
      FL "C:/Users/Ben/Desktop/Folders/FPGA/Projects/Current Projects/Systems/FlashProgrammer/GenReg.vhd" \
      PB ieee/std_logic_1164 1236108447 PB ieee/std_logic_arith 1236108448 \
      PB ieee/STD_LOGIC_UNSIGNED 1236108449
AR work/GenReg/Behavioral 1269555435 \
      FL "C:/Users/Ben/Desktop/Folders/FPGA/Projects/Current Projects/Systems/FlashProgrammer/GenReg.vhd" \
      EN work/GenReg 1269555434
FL "C:/Users/Ben/Desktop/Folders/FPGA/Projects/Current Projects/Systems/FlashProgrammer/Offset.vhd" 2009/11/18.23:54:03 L.57
EN work/Offset 1269555440 \
      FL "C:/Users/Ben/Desktop/Folders/FPGA/Projects/Current Projects/Systems/FlashProgrammer/Offset.vhd" \
      PB ieee/std_logic_1164 1236108447 PB ieee/std_logic_arith 1236108448 \
      PB ieee/STD_LOGIC_UNSIGNED 1236108449
AR work/Offset/Behavioral 1269555441 \
      FL "C:/Users/Ben/Desktop/Folders/FPGA/Projects/Current Projects/Systems/FlashProgrammer/Offset.vhd" \
      EN work/Offset 1269555440
FL "C:/Users/georgecuris/Desktop/Folders/FPGA/Projects/Current Projects/Subsystems/TestCPU1/TestCPU1.vhd" 2009/11/23.13:27:33 L.57
FL "C:/Users/georgecuris/Desktop/Folders/FPGA/Projects/Current Projects/Subsystems/TestCPU1/TestCPU1_ALU.vhd" 2009/10/18.21:38:28 L.57
FL "C:/Users/georgecuris/Desktop/Folders/FPGA/Projects/Current Projects/Subsystems/TestCPU1/TestCPU1_Cntl.vhd" 2009/11/23.13:20:10 L.57
FL "C:/Users/georgecuris/Desktop/Folders/FPGA/Projects/Current Projects/Subsystems/TestCPU1/TestCPU1_iRAM.vhd" 2010/02/14.00:39:40 L.57
FL "C:/Users/georgecuris/Desktop/Folders/FPGA/Projects/Current Projects/Subsystems/TestCPU1/TestCPU1_OutPins.vhd" 2009/10/11.14:33:51 L.57
FL "C:/Users/georgecuris/Desktop/Folders/FPGA/Projects/Current Projects/Subsystems/TestCPU1/TestCPU1_RegFile.vhd" 2009/10/25.19:02:38 L.57
FL "C:/Users/georgecuris/Desktop/Folders/FPGA/Projects/Current Projects/Systems/FlashProgrammer/dataROM.vhd" 2010/03/07.22:45:37 L.57
FL "C:/Users/georgecuris/Desktop/Folders/FPGA/Projects/Current Projects/Systems/FlashProgrammer/FlashProgrammer.vhd" 2010/02/15.16:30:37 L.57
FL "C:/Users/georgecuris/Desktop/Folders/FPGA/Projects/Current Projects/Systems/FlashProgrammer/GenCounter.vhd" 2009/11/26.23:17:20 L.57
FL "C:/Users/georgecuris/Desktop/Folders/FPGA/Projects/Current Projects/Systems/FlashProgrammer/GenReg.vhd" 2009/10/30.08:08:39 L.57
FL "C:/Users/georgecuris/Desktop/Folders/FPGA/Projects/Current Projects/Systems/FlashProgrammer/Offset.vhd" 2009/11/18.22:54:03 L.57
FL "E:/FPGA/Projects/Current Projects/Subsystems/FlashProgrammer/dataROM.vhd" 2009/11/26.22:01:39 L.57
FL "E:/FPGA/Projects/Current Projects/Subsystems/FlashProgrammer/FlashProgrammer.vhd" 2009/11/26.22:25:23 L.57
FL "E:/FPGA/Projects/Current Projects/Subsystems/FlashProgrammer/GenCounter.vhd" 2009/11/26.23:17:20 L.57
FL "E:/FPGA/Projects/Current Projects/Subsystems/FlashProgrammer/GenReg.vhd" 2009/10/30.08:08:39 L.57
FL "E:/FPGA/Projects/Current Projects/Subsystems/FlashProgrammer/Offset.vhd" 2009/11/18.22:54:03 L.57
FL "E:/FPGA/Projects/Current Projects/Subsystems/TestCPU1/TestCPU1.vhd" 2009/11/23.13:27:33 L.57
FL "E:/FPGA/Projects/Current Projects/Subsystems/TestCPU1/TestCPU1_ALU.vhd" 2009/10/18.21:38:28 L.57
FL "E:/FPGA/Projects/Current Projects/Subsystems/TestCPU1/TestCPU1_Cntl.vhd" 2009/11/23.13:20:10 L.57
FL "E:/FPGA/Projects/Current Projects/Subsystems/TestCPU1/TestCPU1_iRAM.vhd" 2009/11/26.23:23:43 L.57
FL "E:/FPGA/Projects/Current Projects/Subsystems/TestCPU1/TestCPU1_OutPins.vhd" 2009/10/11.14:33:51 L.57
FL "E:/FPGA/Projects/Current Projects/Subsystems/TestCPU1/TestCPU1_RegFile.vhd" 2009/10/25.19:02:38 L.57
