AR test_project behavioral "C:/Users/georgecuris/Desktop/Folders/FPGA/Projects/Current Projects/Systems/Test_Project/Test_Project.vhd" sub00/vhpl01 1276401716
EN test_project NULL "C:/Users/georgecuris/Desktop/Folders/FPGA/Projects/Current Projects/Systems/Test_Project/Test_Project.vhd" sub00/vhpl00 1276401715
