V3 15
FL C:/Users/Ben/Desktop/FPGAprojects/Components/Comp_FullAdder/Comp_FullAdder.vhd 2009/04/10.02:52:05 K.31
EN work/Comp_FullAdder 1239346335 \
      FL C:/Users/Ben/Desktop/FPGAprojects/Components/Comp_FullAdder/Comp_FullAdder.vhd \
      PB ieee/std_logic_1164 1200023565 PB ieee/std_logic_arith 1200023566 \
      PB ieee/STD_LOGIC_UNSIGNED 1200023567
AR work/Comp_FullAdder/Behavioral 1239346336 \
      FL C:/Users/Ben/Desktop/FPGAprojects/Components/Comp_FullAdder/Comp_FullAdder.vhd \
      EN work/Comp_FullAdder 1239346335 CP Gate_Xor CP Gate_And CP Gate_Or
FL C:/Users/Ben/Desktop/FPGAprojects/Gates/Gate_And/Gate_And.vhd 2009/04/10.00:49:40 K.31
EN work/Gate_And 1239346331 \
      FL C:/Users/Ben/Desktop/FPGAprojects/Gates/Gate_And/Gate_And.vhd \
      PB ieee/std_logic_1164 1200023565 PB ieee/std_logic_arith 1200023566 \
      PB ieee/STD_LOGIC_UNSIGNED 1200023567
AR work/Gate_And/Behavioral 1239346332 \
      FL C:/Users/Ben/Desktop/FPGAprojects/Gates/Gate_And/Gate_And.vhd \
      EN work/Gate_And 1239346331
FL C:/Users/Ben/Desktop/FPGAprojects/Gates/Gate_Or/Gate_Or.vhd 2009/04/10.00:51:37 K.31
EN work/Gate_Or 1239346333 \
      FL C:/Users/Ben/Desktop/FPGAprojects/Gates/Gate_Or/Gate_Or.vhd \
      PB ieee/std_logic_1164 1200023565 PB ieee/std_logic_arith 1200023566 \
      PB ieee/STD_LOGIC_UNSIGNED 1200023567
AR work/Gate_Or/Behavioral 1239346334 \
      FL C:/Users/Ben/Desktop/FPGAprojects/Gates/Gate_Or/Gate_Or.vhd \
      EN work/Gate_Or 1239346333
FL C:/Users/Ben/Desktop/FPGAprojects/Gates/Gate_Xor/Gate_Xor.vhd 2009/04/10.00:53:05 K.31
EN work/Gate_Xor 1239346329 \
      FL C:/Users/Ben/Desktop/FPGAprojects/Gates/Gate_Xor/Gate_Xor.vhd \
      PB ieee/std_logic_1164 1200023565 PB ieee/std_logic_arith 1200023566 \
      PB ieee/STD_LOGIC_UNSIGNED 1200023567
AR work/Gate_Xor/Behavioral 1239346330 \
      FL C:/Users/Ben/Desktop/FPGAprojects/Gates/Gate_Xor/Gate_Xor.vhd \
      EN work/Gate_Xor 1239346329
