AR comp_frequencydivider behavioral C:/Users/Ben/Desktop/FPGAprojects/Components/Comp_FrequencyDivider/Comp_FrequencyDivider.vhd sub00/vhpl01 1239417590
EN comp_frequencydivider NULL C:/Users/Ben/Desktop/FPGAprojects/Components/Comp_FrequencyDivider/Comp_FrequencyDivider.vhd sub00/vhpl00 1239417589
