V3 3
FL C:/Users/Ben/Desktop/FPGAprojects/Components/Comp_FrequencyDivider/Comp_FrequencyDivider.vhd 2009/04/10.22:38:58 K.31
EN work/Comp_FrequencyDivider 1239417589 \
      FL C:/Users/Ben/Desktop/FPGAprojects/Components/Comp_FrequencyDivider/Comp_FrequencyDivider.vhd \
      PB ieee/std_logic_1164 1200023565 PB ieee/std_logic_arith 1200023566 \
      PB ieee/STD_LOGIC_UNSIGNED 1200023567
AR work/Comp_FrequencyDivider/Behavioral 1239417590 \
      FL C:/Users/Ben/Desktop/FPGAprojects/Components/Comp_FrequencyDivider/Comp_FrequencyDivider.vhd \
      EN work/Comp_FrequencyDivider 1239417589
