V3 16
FL C:/Users/Ben/Desktop/FPGAprojects/Components/Comp_16bitShiftReg/Comp_16bitShiftReg/Comp_16bitShiftReg.vhd 2009/06/08.15:23:00 K.31
EN work/Comp_16bitShiftReg 1244492883 \
      FL C:/Users/Ben/Desktop/FPGAprojects/Components/Comp_16bitShiftReg/Comp_16bitShiftReg/Comp_16bitShiftReg.vhd \
      PB ieee/std_logic_1164 1200023565 PB ieee/std_logic_arith 1200023566 \
      PB ieee/STD_LOGIC_UNSIGNED 1200023567 LB UNISIM PH unisim/VCOMPONENTS 1200023571
AR work/Comp_16bitShiftReg/Behavioral 1244492884 \
      FL C:/Users/Ben/Desktop/FPGAprojects/Components/Comp_16bitShiftReg/Comp_16bitShiftReg/Comp_16bitShiftReg.vhd \
      EN work/Comp_16bitShiftReg 1244492883 CP BUFG
FL C:/Users/Ben/Desktop/FPGAprojects/Components/Comp_7segDecoder/Comp_7segDecoder.vhd 2009/04/10.03:25:58 K.31
EN work/Comp_7segDecoder 1244704792 \
      FL C:/Users/Ben/Desktop/FPGAprojects/Components/Comp_7segDecoder/Comp_7segDecoder.vhd \
      PB ieee/std_logic_1164 1200023565 PB ieee/std_logic_arith 1200023566 \
      PB ieee/STD_LOGIC_UNSIGNED 1200023567
AR work/Comp_7segDecoder/Behavioral 1244704793 \
      FL C:/Users/Ben/Desktop/FPGAprojects/Components/Comp_7segDecoder/Comp_7segDecoder.vhd \
      EN work/Comp_7segDecoder 1244704792
FL C:/Users/Ben/Desktop/FPGAprojects/Components/Comp_FrequencyDivider/Comp_FrequencyDivider.vhd 2009/04/10.22:38:58 K.31
EN work/Comp_FrequencyDivider 1244704790 \
      FL C:/Users/Ben/Desktop/FPGAprojects/Components/Comp_FrequencyDivider/Comp_FrequencyDivider.vhd \
      PB ieee/std_logic_1164 1200023565 PB ieee/std_logic_arith 1200023566 \
      PB ieee/STD_LOGIC_UNSIGNED 1200023567
AR work/Comp_FrequencyDivider/Behavioral 1244704791 \
      FL C:/Users/Ben/Desktop/FPGAprojects/Components/Comp_FrequencyDivider/Comp_FrequencyDivider.vhd \
      EN work/Comp_FrequencyDivider 1244704790
FL C:/Users/Ben/Desktop/FPGAprojects/Systems/Sys_KeyboardTest/KeyboardTest/Sys_KeyboardTest.vhd 2009/06/11.03:19:47 K.31
EN work/Sys_KeyboardTest 1244704794 \
      FL C:/Users/Ben/Desktop/FPGAprojects/Systems/Sys_KeyboardTest/KeyboardTest/Sys_KeyboardTest.vhd \
      PB ieee/std_logic_1164 1200023565 PB ieee/std_logic_arith 1200023566 \
      PB ieee/STD_LOGIC_UNSIGNED 1200023567 LB UNISIM PH unisim/VCOMPONENTS 1200023571
AR work/Sys_KeyboardTest/Behavioral 1244704795 \
      FL C:/Users/Ben/Desktop/FPGAprojects/Systems/Sys_KeyboardTest/KeyboardTest/Sys_KeyboardTest.vhd \
      EN work/Sys_KeyboardTest 1244704794 CP BUFG CP Comp_FrequencyDivider \
      CP Comp_7segDecoder
