AR comp_16bitshiftreg behavioral C:/Users/Ben/Desktop/FPGAprojects/Components/Comp_16bitShiftReg/Comp_16bitShiftReg/Comp_16bitShiftReg.vhd sub00/vhpl01 1244488984
EN comp_16bitshiftreg NULL C:/Users/Ben/Desktop/FPGAprojects/Components/Comp_16bitShiftReg/Comp_16bitShiftReg/Comp_16bitShiftReg.vhd sub00/vhpl00 1244488983
