V3 43
FL C:/Users/Ben/Desktop/FPGAprojects/Components/Comp_4bitRegister/Comp_4bitRegister.vhd 2009/04/10.02:16:49 K.31
EN work/Comp_4bitRegister 1239379616 \
      FL C:/Users/Ben/Desktop/FPGAprojects/Components/Comp_4bitRegister/Comp_4bitRegister.vhd \
      PB ieee/std_logic_1164 1200023565 PB ieee/std_logic_arith 1200023566 \
      PB ieee/STD_LOGIC_UNSIGNED 1200023567
AR work/Comp_4bitRegister/Behavioral 1239379617 \
      FL C:/Users/Ben/Desktop/FPGAprojects/Components/Comp_4bitRegister/Comp_4bitRegister.vhd \
      EN work/Comp_4bitRegister 1239379616 CP Comp_Dflipflop
FL C:/Users/Ben/Desktop/FPGAprojects/Components/Comp_7segDecoder/Comp_7segDecoder.vhd 2009/04/10.03:25:58 K.31
EN work/Comp_7segDecoder 1239379620 \
      FL C:/Users/Ben/Desktop/FPGAprojects/Components/Comp_7segDecoder/Comp_7segDecoder.vhd \
      PB ieee/std_logic_1164 1200023565 PB ieee/std_logic_arith 1200023566 \
      PB ieee/STD_LOGIC_UNSIGNED 1200023567
AR work/Comp_7segDecoder/Behavioral 1239379621 \
      FL C:/Users/Ben/Desktop/FPGAprojects/Components/Comp_7segDecoder/Comp_7segDecoder.vhd \
      EN work/Comp_7segDecoder 1239379620
FL C:/Users/Ben/Desktop/FPGAprojects/Components/Comp_Dflipflop/Comp_Dflipflop.vhd 2009/04/10.02:35:28 K.31
EN work/Comp_Dflipflop 1239379614 \
      FL C:/Users/Ben/Desktop/FPGAprojects/Components/Comp_Dflipflop/Comp_Dflipflop.vhd \
      PB ieee/std_logic_1164 1200023565 PB ieee/std_logic_arith 1200023566 \
      PB ieee/STD_LOGIC_UNSIGNED 1200023567
AR work/Comp_Dflipflop/Behavioral 1239379615 \
      FL C:/Users/Ben/Desktop/FPGAprojects/Components/Comp_Dflipflop/Comp_Dflipflop.vhd \
      EN work/Comp_Dflipflop 1239379614 CP Gate_Inv CP Gate_Nand CP Gate_Buf
FL C:/Users/Ben/Desktop/FPGAprojects/Components/Comp_FullAdder/Comp_FullAdder.vhd 2009/04/10.02:52:05 K.31
EN work/Comp_FullAdder 1239379618 \
      FL C:/Users/Ben/Desktop/FPGAprojects/Components/Comp_FullAdder/Comp_FullAdder.vhd \
      PB ieee/std_logic_1164 1200023565 PB ieee/std_logic_arith 1200023566 \
      PB ieee/STD_LOGIC_UNSIGNED 1200023567
AR work/Comp_FullAdder/Behavioral 1239379619 \
      FL C:/Users/Ben/Desktop/FPGAprojects/Components/Comp_FullAdder/Comp_FullAdder.vhd \
      EN work/Comp_FullAdder 1239379618 CP Gate_Xor CP Gate_And CP Gate_Or
FL C:/Users/Ben/Desktop/FPGAprojects/Gates/Gate_And/Gate_And.vhd 2009/04/10.00:49:40 K.31
EN work/Gate_And 1239379610 \
      FL C:/Users/Ben/Desktop/FPGAprojects/Gates/Gate_And/Gate_And.vhd \
      PB ieee/std_logic_1164 1200023565 PB ieee/std_logic_arith 1200023566 \
      PB ieee/STD_LOGIC_UNSIGNED 1200023567
AR work/Gate_And/Behavioral 1239379611 \
      FL C:/Users/Ben/Desktop/FPGAprojects/Gates/Gate_And/Gate_And.vhd \
      EN work/Gate_And 1239379610
FL C:/Users/Ben/Desktop/FPGAprojects/Gates/Gate_Buf/Gate_Buf.vhd 2009/04/10.00:57:00 K.31
EN work/Gate_Buf 1239379606 \
      FL C:/Users/Ben/Desktop/FPGAprojects/Gates/Gate_Buf/Gate_Buf.vhd \
      PB ieee/std_logic_1164 1200023565 PB ieee/std_logic_arith 1200023566 \
      PB ieee/STD_LOGIC_UNSIGNED 1200023567
AR work/Gate_Buf/Behavioral 1239379607 \
      FL C:/Users/Ben/Desktop/FPGAprojects/Gates/Gate_Buf/Gate_Buf.vhd \
      EN work/Gate_Buf 1239379606
FL C:/Users/Ben/Desktop/FPGAprojects/Gates/Gate_Inv/Gate_Inv.vhd 2009/04/10.00:54:54 K.31
EN work/Gate_Inv 1239379602 \
      FL C:/Users/Ben/Desktop/FPGAprojects/Gates/Gate_Inv/Gate_Inv.vhd \
      PB ieee/std_logic_1164 1200023565 PB ieee/std_logic_arith 1200023566 \
      PB ieee/STD_LOGIC_UNSIGNED 1200023567
AR work/Gate_Inv/Behavioral 1239379603 \
      FL C:/Users/Ben/Desktop/FPGAprojects/Gates/Gate_Inv/Gate_Inv.vhd \
      EN work/Gate_Inv 1239379602
FL C:/Users/Ben/Desktop/FPGAprojects/Gates/Gate_Nand/Gate_Nand.vhd 2009/04/10.01:03:06 K.31
EN work/Gate_Nand 1239379604 \
      FL C:/Users/Ben/Desktop/FPGAprojects/Gates/Gate_Nand/Gate_Nand.vhd \
      PB ieee/std_logic_1164 1200023565 PB ieee/std_logic_arith 1200023566 \
      PB ieee/STD_LOGIC_UNSIGNED 1200023567
AR work/Gate_Nand/Behavioral 1239379605 \
      FL C:/Users/Ben/Desktop/FPGAprojects/Gates/Gate_Nand/Gate_Nand.vhd \
      EN work/Gate_Nand 1239379604
FL C:/Users/Ben/Desktop/FPGAprojects/Gates/Gate_Or/Gate_Or.vhd 2009/04/10.00:51:37 K.31
EN work/Gate_Or 1239379612 \
      FL C:/Users/Ben/Desktop/FPGAprojects/Gates/Gate_Or/Gate_Or.vhd \
      PB ieee/std_logic_1164 1200023565 PB ieee/std_logic_arith 1200023566 \
      PB ieee/STD_LOGIC_UNSIGNED 1200023567
AR work/Gate_Or/Behavioral 1239379613 \
      FL C:/Users/Ben/Desktop/FPGAprojects/Gates/Gate_Or/Gate_Or.vhd \
      EN work/Gate_Or 1239379612
FL C:/Users/Ben/Desktop/FPGAprojects/Gates/Gate_Xor/Gate_Xor.vhd 2009/04/10.00:53:05 K.31
EN work/Gate_Xor 1239379608 \
      FL C:/Users/Ben/Desktop/FPGAprojects/Gates/Gate_Xor/Gate_Xor.vhd \
      PB ieee/std_logic_1164 1200023565 PB ieee/std_logic_arith 1200023566 \
      PB ieee/STD_LOGIC_UNSIGNED 1200023567
AR work/Gate_Xor/Behavioral 1239379609 \
      FL C:/Users/Ben/Desktop/FPGAprojects/Gates/Gate_Xor/Gate_Xor.vhd \
      EN work/Gate_Xor 1239379608
FL C:/Users/Ben/Desktop/FPGAprojects/Subsystems/Subsys_Adder/Subsys_Adder.vhd 2009/04/10.12:06:39 K.31
EN work/Subsys_Adder 1239379622 \
      FL C:/Users/Ben/Desktop/FPGAprojects/Subsystems/Subsys_Adder/Subsys_Adder.vhd \
      PB ieee/std_logic_1164 1200023565 PB ieee/std_logic_arith 1200023566 \
      PB ieee/STD_LOGIC_UNSIGNED 1200023567
AR work/Subsys_Adder/Behavioral 1239379623 \
      FL C:/Users/Ben/Desktop/FPGAprojects/Subsystems/Subsys_Adder/Subsys_Adder.vhd \
      EN work/Subsys_Adder 1239379622 CP Comp_4bitRegister CP Comp_FullAdder \
      CP Comp_7segDecoder
