V3 27
FL C:/Users/Ben/Desktop/FPGAprojects/Components/Comp_4bitDecadeCounter/Comp_4bitDecadeCounter.vhd 2009/04/10.17:42:35 K.31
EN work/Comp_4bitDecadeCounter 1239399771 \
      FL C:/Users/Ben/Desktop/FPGAprojects/Components/Comp_4bitDecadeCounter/Comp_4bitDecadeCounter.vhd \
      PB ieee/std_logic_1164 1200023565 PB ieee/std_logic_arith 1200023566 \
      PB ieee/STD_LOGIC_UNSIGNED 1200023567
AR work/Comp_4bitDecadeCounter/Behavioral 1239399772 \
      FL C:/Users/Ben/Desktop/FPGAprojects/Components/Comp_4bitDecadeCounter/Comp_4bitDecadeCounter.vhd \
      EN work/Comp_4bitDecadeCounter 1239399771 CP Comp_Dflipflop CP Gate_Or \
      CP Gate_And CP Gate_Buf
FL C:/Users/Ben/Desktop/FPGAprojects/Components/Comp_Dflipflop/Comp_Dflipflop.vhd 2009/04/10.02:35:28 K.31
EN work/Comp_Dflipflop 1239399765 \
      FL C:/Users/Ben/Desktop/FPGAprojects/Components/Comp_Dflipflop/Comp_Dflipflop.vhd \
      PB ieee/std_logic_1164 1200023565 PB ieee/std_logic_arith 1200023566 \
      PB ieee/STD_LOGIC_UNSIGNED 1200023567
AR work/Comp_Dflipflop/Behavioral 1239399766 \
      FL C:/Users/Ben/Desktop/FPGAprojects/Components/Comp_Dflipflop/Comp_Dflipflop.vhd \
      EN work/Comp_Dflipflop 1239399765 CP Gate_Inv CP Gate_Nand CP Gate_Buf
FL C:/Users/Ben/Desktop/FPGAprojects/Gates/Gate_And/Gate_And.vhd 2009/04/10.00:49:40 K.31
EN work/Gate_And 1239399769 \
      FL C:/Users/Ben/Desktop/FPGAprojects/Gates/Gate_And/Gate_And.vhd \
      PB ieee/std_logic_1164 1200023565 PB ieee/std_logic_arith 1200023566 \
      PB ieee/STD_LOGIC_UNSIGNED 1200023567
AR work/Gate_And/Behavioral 1239399770 \
      FL C:/Users/Ben/Desktop/FPGAprojects/Gates/Gate_And/Gate_And.vhd \
      EN work/Gate_And 1239399769
FL C:/Users/Ben/Desktop/FPGAprojects/Gates/Gate_Buf/Gate_Buf.vhd 2009/04/10.00:57:00 K.31
EN work/Gate_Buf 1239399763 \
      FL C:/Users/Ben/Desktop/FPGAprojects/Gates/Gate_Buf/Gate_Buf.vhd \
      PB ieee/std_logic_1164 1200023565 PB ieee/std_logic_arith 1200023566 \
      PB ieee/STD_LOGIC_UNSIGNED 1200023567
AR work/Gate_Buf/Behavioral 1239399764 \
      FL C:/Users/Ben/Desktop/FPGAprojects/Gates/Gate_Buf/Gate_Buf.vhd \
      EN work/Gate_Buf 1239399763
FL C:/Users/Ben/Desktop/FPGAprojects/Gates/Gate_Inv/Gate_Inv.vhd 2009/04/10.00:54:54 K.31
EN work/Gate_Inv 1239399759 \
      FL C:/Users/Ben/Desktop/FPGAprojects/Gates/Gate_Inv/Gate_Inv.vhd \
      PB ieee/std_logic_1164 1200023565 PB ieee/std_logic_arith 1200023566 \
      PB ieee/STD_LOGIC_UNSIGNED 1200023567
AR work/Gate_Inv/Behavioral 1239399760 \
      FL C:/Users/Ben/Desktop/FPGAprojects/Gates/Gate_Inv/Gate_Inv.vhd \
      EN work/Gate_Inv 1239399759
FL C:/Users/Ben/Desktop/FPGAprojects/Gates/Gate_Nand/Gate_Nand.vhd 2009/04/10.01:03:06 K.31
EN work/Gate_Nand 1239399761 \
      FL C:/Users/Ben/Desktop/FPGAprojects/Gates/Gate_Nand/Gate_Nand.vhd \
      PB ieee/std_logic_1164 1200023565 PB ieee/std_logic_arith 1200023566 \
      PB ieee/STD_LOGIC_UNSIGNED 1200023567
AR work/Gate_Nand/Behavioral 1239399762 \
      FL C:/Users/Ben/Desktop/FPGAprojects/Gates/Gate_Nand/Gate_Nand.vhd \
      EN work/Gate_Nand 1239399761
FL C:/Users/Ben/Desktop/FPGAprojects/Gates/Gate_Or/Gate_Or.vhd 2009/04/10.00:51:37 K.31
EN work/Gate_Or 1239399767 \
      FL C:/Users/Ben/Desktop/FPGAprojects/Gates/Gate_Or/Gate_Or.vhd \
      PB ieee/std_logic_1164 1200023565 PB ieee/std_logic_arith 1200023566 \
      PB ieee/STD_LOGIC_UNSIGNED 1200023567
AR work/Gate_Or/Behavioral 1239399768 \
      FL C:/Users/Ben/Desktop/FPGAprojects/Gates/Gate_Or/Gate_Or.vhd \
      EN work/Gate_Or 1239399767
