EN frequencydivider NULL C:/Users/Ben/Desktop/FPGAprojects/Systems/Sys_DigitalTimer2/Sys_DigitalTimer2.vhd sub00/vhpl00 1239579703
AR frequencydivider behavioral C:/Users/Ben/Desktop/FPGAprojects/Systems/Sys_DigitalTimer2/Sys_DigitalTimer2.vhd sub00/vhpl01 1239579704
EN sys_digitaltimer2 NULL C:/Users/Ben/Desktop/FPGAprojects/Systems/Sys_DigitalTimer2/Sys_DigitalTimer2.vhd sub00/vhpl02 1239579705
AR sys_digitaltimer2 behavioral C:/Users/Ben/Desktop/FPGAprojects/Systems/Sys_DigitalTimer2/Sys_DigitalTimer2.vhd sub00/vhpl03 1239579706
