V3 8
FL C:/Users/Ben/Desktop/FPGAprojects/Systems/Sys_DigitalTimer2/Sys_DigitalTimer2.vhd 2009/04/12.19:40:25 K.31
EN work/FrequencyDivider 1239579703 \
      FL C:/Users/Ben/Desktop/FPGAprojects/Systems/Sys_DigitalTimer2/Sys_DigitalTimer2.vhd \
      PB ieee/std_logic_1164 1200023565 PB ieee/std_logic_arith 1200023566 \
      PB ieee/STD_LOGIC_UNSIGNED 1200023567
AR work/FrequencyDivider/Behavioral 1239579704 \
      FL C:/Users/Ben/Desktop/FPGAprojects/Systems/Sys_DigitalTimer2/Sys_DigitalTimer2.vhd \
      EN work/FrequencyDivider 1239579703
EN work/Sys_DigitalTimer2 1239579705 \
      FL C:/Users/Ben/Desktop/FPGAprojects/Systems/Sys_DigitalTimer2/Sys_DigitalTimer2.vhd \
      PB ieee/std_logic_1164 1200023565 PB ieee/std_logic_arith 1200023566 \
      PB ieee/STD_LOGIC_UNSIGNED 1200023567 LB UNISIM PH unisim/VCOMPONENTS 1200023571
AR work/Sys_DigitalTimer2/Behavioral 1239579706 \
      FL C:/Users/Ben/Desktop/FPGAprojects/Systems/Sys_DigitalTimer2/Sys_DigitalTimer2.vhd \
      EN work/Sys_DigitalTimer2 1239579705 CP BUFG CP FrequencyDivider
