V3 11
FL C:/Users/Ben/Desktop/FPGAprojects/Components/Comp_1of4Decoder/Comp_1of4Decoder.vhd 2009/04/10.18:14:15 K.31
EN work/Comp_1of4Decoder 1239401778 \
      FL C:/Users/Ben/Desktop/FPGAprojects/Components/Comp_1of4Decoder/Comp_1of4Decoder.vhd \
      PB ieee/std_logic_1164 1200023565 PB ieee/std_logic_arith 1200023566 \
      PB ieee/STD_LOGIC_UNSIGNED 1200023567
AR work/Comp_1of4Decoder/Behavioral 1239401779 \
      FL C:/Users/Ben/Desktop/FPGAprojects/Components/Comp_1of4Decoder/Comp_1of4Decoder.vhd \
      EN work/Comp_1of4Decoder 1239401778 CP Gate_Inv CP Gate_And
FL C:/Users/Ben/Desktop/FPGAprojects/Gates/Gate_And/Gate_And.vhd 2009/04/10.00:49:40 K.31
EN work/Gate_And 1239401776 \
      FL C:/Users/Ben/Desktop/FPGAprojects/Gates/Gate_And/Gate_And.vhd \
      PB ieee/std_logic_1164 1200023565 PB ieee/std_logic_arith 1200023566 \
      PB ieee/STD_LOGIC_UNSIGNED 1200023567
AR work/Gate_And/Behavioral 1239401777 \
      FL C:/Users/Ben/Desktop/FPGAprojects/Gates/Gate_And/Gate_And.vhd \
      EN work/Gate_And 1239401776
FL C:/Users/Ben/Desktop/FPGAprojects/Gates/Gate_Inv/Gate_Inv.vhd 2009/04/10.00:54:54 K.31
EN work/Gate_Inv 1239401774 \
      FL C:/Users/Ben/Desktop/FPGAprojects/Gates/Gate_Inv/Gate_Inv.vhd \
      PB ieee/std_logic_1164 1200023565 PB ieee/std_logic_arith 1200023566 \
      PB ieee/STD_LOGIC_UNSIGNED 1200023567
AR work/Gate_Inv/Behavioral 1239401775 \
      FL C:/Users/Ben/Desktop/FPGAprojects/Gates/Gate_Inv/Gate_Inv.vhd \
      EN work/Gate_Inv 1239401774
