--------------------------------------------------------------------------------
Release 10.1 Trace  (nt)
Copyright (c) 1995-2008 Xilinx, Inc.  All rights reserved.

C:\Xilinx\10.1\ISE\bin\nt\unwrapped\trce.exe -ise
C:/Users/Ben/Desktop/FPGAprojects/Components/Comp_4bitRegister/Comp_4bitRegister.ise
-intstyle ise -e 3 -s 4 -xml Comp_4bitRegister Comp_4bitRegister.ncd -o
Comp_4bitRegister.twr Comp_4bitRegister.pcf -ucf Comp_4bitRegister.ucf

Design file:              Comp_4bitRegister.ncd
Physical constraint file: Comp_4bitRegister.pcf
Device,package,speed:     xc3s500e,fg320,-4 (PRODUCTION 1.27 2008-01-09)
Report level:             error report

Environment Variable      Effect 
--------------------      ------ 
NONE                      No environment variables were set
--------------------------------------------------------------------------------

INFO:Timing:2698 - No timing constraints found, doing default enumeration.
INFO:Timing:2752 - To get complete path coverage, use the unconstrained paths 
   option. All paths that are not constrained will be reported in the 
   unconstrained paths section(s) of the report.
INFO:Timing:3339 - The clock-to-out numbers in this timing report are based on 
   a 50 Ohm transmission line loading model.  For the details of this model, 
   and for more information on accounting for different loading conditions, 
   please see the device datasheet.



Data Sheet report:
-----------------
All values displayed in nanoseconds (ns)

Pad to Pad
---------------+---------------+---------+
Source Pad     |Destination Pad|  Delay  |
---------------+---------------+---------+
CLK            |Q1             |    8.812|
CLK            |Q2             |    8.697|
CLK            |Q3             |    8.754|
CLK            |Q4             |    8.703|
D1             |Q1             |    7.213|
D2             |Q2             |    6.837|
D3             |Q3             |    6.837|
D4             |Q4             |    7.297|
---------------+---------------+---------+


Analysis completed Fri Apr 10 02:35:58 2009 
--------------------------------------------------------------------------------

Trace Settings:
-------------------------
Trace Settings 

Peak Memory Usage: 129 MB



