EN flashreadtest NULL "C:/Users/Ben/Desktop/Folders/FPGA/Projects/Current Projects/Systems/FlashProgrammer/FlashReadTest/FlashReadTest.vhd" sub00/vhpl02 1269567763
EN comp_7segdecoder NULL "C:/Users/Ben/Desktop/Folders/FPGA/Projects/Old Projects/Components/Comp_7segDecoder/Comp_7segDecoder.vhd" sub00/vhpl00 1269567761
AR comp_7segdecoder behavioral "C:/Users/Ben/Desktop/Folders/FPGA/Projects/Old Projects/Components/Comp_7segDecoder/Comp_7segDecoder.vhd" sub00/vhpl01 1269567762
AR flashreadtest behavioral "C:/Users/Ben/Desktop/Folders/FPGA/Projects/Current Projects/Systems/FlashProgrammer/FlashReadTest/FlashReadTest.vhd" sub00/vhpl03 1269567764
